// Jest Snapshot v1, https://goo.gl/fbAQLP

exports[`<Posts /> should match snapshot 1`] = `
<div
  class="posts"
>
  <div
    class="post"
  >
    <img
      alt="Titulo 1"
      src="img/img1.png"
    />
    <div
      class="post-content"
    >
      <h2>
        Titulo 1
      </h2>
      <p>
        corpo 1
      </p>
      <p>
        Oi
      </p>
    </div>
  </div>
  <div
    class="post"
  >
    <img
      alt="Titulo 2"
      src="img/img2.png"
    />
    <div
      class="post-content"
    >
      <h2>
        Titulo 2
      </h2>
      <p>
        corpo 2
      </p>
      <p>
        Oi
      </p>
    </div>
  </div>
  <div
    class="post"
  >
    <img
      alt="Titulo 3"
      src="img/img3.png"
    />
    <div
      class="post-content"
    >
      <h2>
        Titulo 3
      </h2>
      <p>
        corpo 3
      </p>
      <p>
        Oi
      </p>
    </div>
  </div>
</div>
`;
