// Jest Snapshot v1, https://goo.gl/fbAQLP

exports[`<PostCard /> Should match snapshot 1`] = `
<div
  class="post"
>
  <img
    alt="alguma coisa"
    src="alguma Imgagem"
  />
  <div
    class="post-content"
  >
    <h2>
      alguma coisa
    </h2>
    <p>
      Ol√° Mundo
    </p>
    <p>
      Oi
    </p>
  </div>
</div>
`;
