// Jest Snapshot v1, https://goo.gl/fbAQLP

exports[`<TextInput /> should match snapshot 1`] = `
<div>
  <input
    class="text-input"
    id=""
    name=""
    placeholder="Escreva Alguma coisa"
    type="search"
    value=""
  />
</div>
`;
